STAGE 1 coupled: 24,000,000 in 3.3s (7.19 M/s), feasible 3,154,453 (13.144%)
best feasible from DOE: {
  "wing_area_m2": 5.967917442321777,
  "aspect_ratio": 15.250897407531738,
  "taper_ratio": 0.3265951871871948,
  "thickness_ratio": 0.19944167137145996,
  "mtow_kg": 284.47607421875,
  "altitude_m": 3384.26611328125,
  "bsfc_kg_per_kwh": 0.25328946113586426,
  "endurance_h": 132.35336303710938,
  "cd0": 0.014948817901313305,
  "oswald_e": 0.6254065632820129,
  "fuel_kg": 133.5841064453125,
  "tank_kg": 134.5681915283203,
  "empty_kg": 100.89197540283203,
  "span_m": 9.54023551940918,
  "violation": 0.0,
  "feasible": true,
  "endurance_d": 5.514723459879558
}
STAGE 2 augmented-Lagrangian: {
  "wing_area_m2": 6.0,
  "aspect_ratio": 14.00001335144043,
  "taper_ratio": 0.30000001192092896,
  "thickness_ratio": 0.20000000298023224,
  "mtow_kg": 293.5642395019531,
  "altitude_m": 2500.0,
  "bsfc_kg_per_kwh": 0.25,
  "endurance_h": 142.82081604003906,
  "cd0": 0.014928005635738373,
  "oswald_e": 0.6507407426834106,
  "fuel_kg": 143.3480224609375,
  "tank_kg": 143.38796997070312,
  "empty_kg": 100.2162094116211,
  "span_m": 9.165155410766602,
  "violation": 0.0,
  "feasible": true,
  "endurance_d": 5.950867335001628
}
BASELINE under the same coupled model: {
  "wing_area_m2": 3.9000000953674316,
  "aspect_ratio": 22.0,
  "taper_ratio": 0.44999998807907104,
  "thickness_ratio": 0.1370999962091446,
  "mtow_kg": 250.0,
  "altitude_m": 4000.0,
  "bsfc_kg_per_kwh": 0.27000001072883606,
  "endurance_h": 95.26105499267578,
  "cd0": 0.016944952309131622,
  "oswald_e": 0.550000011920929,
  "fuel_kg": 101.5,
  "tank_kg": 39.266334533691406,
  "empty_kg": 98.5,
  "span_m": 9.262828826904297,
  "violation": 1.244673252105713,
  "feasible": false,
  "endurance_d": 3.969210624694824
}
WROTE opt_runs/coupled.json
