STAGE 1: 200,000,000 in 19.0s (10.5 M/s), STABLE+feasible 1,277,320 (0.639%)
{
  "wing_area_m2": 6.2080607414245605,
  "aspect_ratio": 17.708385467529297,
  "taper_ratio": 0.32456284761428833,
  "thickness_ratio": 0.2142537236213684,
  "mtow_kg": 316.59271240234375,
  "altitude_m": 4039.477783203125,
  "bsfc_full": 0.2506066560745239,
  "engine_kw": 11.248233795166016,
  "x_le_frac": 0.41771185398101807,
  "tail_volume": 0.6162972450256348,
  "tail_arm_frac": 1.6825964450836182,
  "endurance_h": 156.00184631347656,
  "cd0": 0.01629607193171978,
  "oswald_e": 0.8644664883613586,
  "fuel_kg": 170.67401123046875,
  "tank_kg": 239.66653442382812,
  "empty_kg": 95.918701171875,
  "span_m": 10.484976768493652,
  "load": 0.31152382493019104,
  "bsfc_eff": 0.33528998494148254,
  "sm_full": 0.21705421805381775,
  "sm_dry": 0.21034033596515656,
  "mac": 0.6434117555618286,
  "violation": 0.0,
  "feasible": true,
  "endurance_d": 6.50007692972819
}
REFINED: {
  "wing_area_m2": 5.720113754272461,
  "aspect_ratio": 24.572799682617188,
  "taper_ratio": 0.2500130534172058,
  "thickness_ratio": 0.21999987959861755,
  "mtow_kg": 320.0,
  "altitude_m": 4000.0,
  "bsfc_full": 0.25,
  "engine_kw": 10.849067687988281,
  "x_le_frac": 0.407541424036026,
  "tail_volume": 0.6018825769424438,
  "tail_arm_frac": 1.6980141401290894,
  "endurance_h": 167.31260681152344,
  "cd0": 0.016904039308428764,
  "oswald_e": 0.8101186156272888,
  "fuel_kg": 172.41929626464844,
  "tank_kg": 190.43711853027344,
  "empty_kg": 97.58070373535156,
  "span_m": 11.855766296386719,
  "load": 0.29984250664711,
  "bsfc_eff": 0.33925861120224,
  "sm_full": 0.19915224611759186,
  "sm_dry": 0.16906605660915375,
  "mac": 0.5403690338134766,
  "violation": 0.00048657512525096536,
  "feasible": false,
  "endurance_d": 6.97135861714681
}
WROTE opt_runs/layout.json
