STAGE 1: 32,000,000 in 2.7s (11.92 M/s), feasible 8,180,941 (25.57%)
DOE best: {
  "wing_area_m2": 5.9874267578125,
  "aspect_ratio": 21.44697380065918,
  "taper_ratio": 0.31413617730140686,
  "thickness_ratio": 0.17220428586006165,
  "mtow_kg": 316.3829040527344,
  "altitude_m": 4067.332763671875,
  "bsfc_full": 0.25079628825187683,
  "engine_kw": 10.793035507202148,
  "endurance_h": 153.1227264404297,
  "cd0": 0.01529282983392477,
  "oswald_e": 0.8393625020980835,
  "fuel_kg": 162.46112060546875,
  "tank_kg": 166.41769409179688,
  "empty_kg": 103.9217758178711,
  "span_m": 11.331910133361816,
  "load_fraction": 0.3039720952510834,
  "bsfc_eff": 0.3386017680168152,
  "climb_kw_req": 10.787747383117676,
  "violation": 0.0,
  "feasible": true,
  "endurance_d": 6.38011360168457
}
REFINED: {
  "wing_area_m2": 5.722315788269043,
  "aspect_ratio": 25.176136016845703,
  "taper_ratio": 0.30000001192092896,
  "thickness_ratio": 0.20000000298023224,
  "mtow_kg": 320.0,
  "altitude_m": 4000.0,
  "bsfc_full": 0.25,
  "engine_kw": 10.79378604888916,
  "endurance_h": 159.08226013183594,
  "cd0": 0.016320906579494476,
  "oswald_e": 0.8150155544281006,
  "fuel_kg": 166.1687469482422,
  "tank_kg": 167.5691680908203,
  "empty_kg": 103.83125305175781,
  "span_m": 12.002740859985352,
  "load_fraction": 0.29838359355926514,
  "bsfc_eff": 0.33988189697265625,
  "climb_kw_req": 10.731771469116211,
  "violation": 0.00022840499877929688,
  "feasible": false,
  "endurance_d": 6.628427505493164
}
BASELINE v1.0 honest: {
  "wing_area_m2": 3.9000000953674316,
  "aspect_ratio": 22.0,
  "taper_ratio": 0.44999998807907104,
  "thickness_ratio": 0.1370999962091446,
  "mtow_kg": 250.0,
  "altitude_m": 4000.0,
  "bsfc_full": 0.25699999928474426,
  "engine_kw": 17.0,
  "endurance_h": 75.90383911132812,
  "cd0": 0.016947003081440926,
  "oswald_e": 0.8499740362167358,
  "fuel_kg": 101.5,
  "tank_kg": 66.06953430175781,
  "empty_kg": 98.5,
  "span_m": 9.262828826904297,
  "load_fraction": 0.18977095186710358,
  "bsfc_eff": 0.4247716963291168,
  "climb_kw_req": 8.788392066955566,
  "violation": 0.7086092829704285,
  "feasible": false,
  "endurance_d": 3.1626599629720054
}
WROTE opt_runs/final.json
