STAGE 1: 200,000,000 in 18.7s (10.7 M/s), STABLE+feasible 1,356,710 (0.678%)
{
  "wing_area_m2": 11.13610553741455,
  "aspect_ratio": 24.576499938964844,
  "taper_ratio": 0.5828843712806702,
  "thickness_ratio": 0.21498991549015045,
  "mtow_kg": 596.8873291015625,
  "altitude_m": 4305.31103515625,
  "bsfc_full": 0.25257864594459534,
  "engine_kw": 19.905349731445312,
  "x_le_frac": 0.41525590419769287,
  "tail_volume": 0.48098599910736084,
  "tail_arm_frac": 0.8718306422233582,
  "endurance_h": 241.12857055664062,
  "cd0": 0.014032363891601562,
  "oswald_e": 0.8362296223640442,
  "fuel_kg": 377.10565185546875,
  "tank_kg": 461.7746887207031,
  "empty_kg": 169.7816925048828,
  "span_m": 16.543472290039062,
  "load": 0.23240309953689575,
  "bsfc_eff": 0.3801330327987671,
  "sm_full": 0.14333504438400269,
  "sm_dry": 0.10542943328619003,
  "mac": 0.6887231469154358,
  "violation": 0.0,
  "feasible": true,
  "endurance_d": 10.04702377319336
}
REFINED: {
  "wing_area_m2": 11.959881782531738,
  "aspect_ratio": 28.161319732666016,
  "taper_ratio": 0.25,
  "thickness_ratio": 0.2199999988079071,
  "mtow_kg": 599.9999389648438,
  "altitude_m": 4000.0,
  "bsfc_full": 0.25,
  "engine_kw": 19.42595672607422,
  "x_le_frac": 0.4013691544532776,
  "tail_volume": 0.48166847229003906,
  "tail_arm_frac": 0.9052728414535522,
  "endurance_h": 256.4794006347656,
  "cd0": 0.01396434847265482,
  "oswald_e": 0.7899590730667114,
  "fuel_kg": 377.8060302734375,
  "tank_kg": 537.822021484375,
  "empty_kg": 172.1938934326172,
  "span_m": 18.352275848388672,
  "load": 0.22024543583393097,
  "bsfc_eff": 0.385331392288208,
  "sm_full": 0.13489709794521332,
  "sm_dry": 0.07796314358711243,
  "mac": 0.7298858761787415,
  "violation": 0.0,
  "feasible": true,
  "endurance_d": 10.686641693115234
}
WROTE opt_runs/layout.json
