LOITER: 4191 m, rho 0.8027, V 27.06 m/s (97.4 km/h)
        thrust required 62.8 N, useful power 1.699 kW
CLIMB : sea level, engine rated 8.15 kW

100 converged, 34 meet loiter thrust and tip-Mach

 D(m)   rpm  B   p/D  eta_loit     J  tipM  climb kW  absorb
 1.00  2000  2  1.00    0.8470  0.81 0.313      8.81    1.08
 1.00  1700  3  1.15    0.8432  0.96 0.269      9.24    1.13
 0.90  2300  2  1.00    0.8363  0.78 0.323      8.05    0.99
 1.00  2300  2  0.85    0.8358  0.71 0.357      6.70    0.82
 1.00  2600  2  0.70    0.8351  0.62 0.401      6.34    0.78
 0.90  2600  2  0.85    0.8294  0.69 0.363      9.17    1.13
 0.90  2000  3  1.15    0.8257  0.90 0.283      9.17    1.13
 1.00  2000  3  1.00    0.8234  0.81 0.313      7.96    0.98
 1.00  2000  2  1.15    0.8220  0.81 0.313      7.46    0.91
 0.80  2300  3  1.15    0.8171  0.88 0.289      7.83    0.96
 0.90  2300  3  1.00    0.8114  0.78 0.323      7.36    0.90
 1.00  2300  3  0.85    0.8113  0.71 0.357      9.23    1.13
 1.00  2600  3  0.70    0.8112  0.62 0.401      8.82    1.08
 0.90  2300  2  1.15    0.8105  0.78 0.323      6.80    0.83
 0.80  2600  3  1.00    0.8078  0.78 0.324      9.23    1.13

WROTE opt_runs/prop_sweep.json (34 candidates)
