STAGE 1: 200,000,000 in 18.8s (10.7 M/s), STABLE+feasible 4,145,372 (2.073%)
{
  "wing_area_m2": 6.740115165710449,
  "aspect_ratio": 27.699722290039062,
  "taper_ratio": 0.2604498267173767,
  "thickness_ratio": 0.21521255373954773,
  "mtow_kg": 319.483642578125,
  "altitude_m": 4151.5322265625,
  "bsfc_full": 0.25232821702957153,
  "engine_kw": 10.777667045593262,
  "x_le_frac": 0.4446236193180084,
  "tail_volume": 0.40698689222335815,
  "tail_arm_frac": 1.873867154121399,
  "endurance_h": 164.82420349121094,
  "cd0": 0.015915898606181145,
  "oswald_e": 0.794326663017273,
  "fuel_kg": 162.492431640625,
  "tank_kg": 223.3795623779297,
  "empty_kg": 106.99121856689453,
  "span_m": 13.663796424865723,
  "load": 0.2727953791618347,
  "bsfc_eff": 0.35517552495002747,
  "sm_full": 0.15562725067138672,
  "sm_dry": 0.18093055486679077,
  "mac": 0.5498883128166199,
  "violation": 0.0,
  "feasible": true,
  "endurance_d": 6.867675145467122
}
REFINED: {
  "wing_area_m2": 7.149177551269531,
  "aspect_ratio": 29.30385971069336,
  "taper_ratio": 0.25,
  "thickness_ratio": 0.2199999988079071,
  "mtow_kg": 320.0,
  "altitude_m": 4000.0,
  "bsfc_full": 0.25,
  "engine_kw": 10.165237426757812,
  "x_le_frac": 0.44831061363220215,
  "tail_volume": 0.4070954918861389,
  "tail_arm_frac": 1.8707345724105835,
  "endurance_h": 171.84361267089844,
  "cd0": 0.01577773690223694,
  "oswald_e": 0.7837405800819397,
  "fuel_kg": 160.32589721679688,
  "tank_kg": 243.6668701171875,
  "empty_kg": 109.67410278320312,
  "span_m": 14.4740629196167,
  "load": 0.27715417742729187,
  "bsfc_eff": 0.3496946096420288,
  "sm_full": 0.16735941171646118,
  "sm_dry": 0.20284754037857056,
  "mac": 0.5532018542289734,
  "violation": 0.0,
  "feasible": true,
  "endurance_d": 7.160150527954102
}
WROTE opt_runs/layout.json
